[Info] [carb] Logging to file: /home/cai/miniforge3/envs/lerobot-arena/lib/python3.11/site-packages/isaacsim/kit/logs/Kit/Isaac-Sim Python/5.1/kit_20260926_164359.log
2026-09-26T07:43:59Z [1ms] [Warning] [carb.crashreporter-breakpad.plugin] [previous crash] preventing upload of minidump due to user opt-out: '/home/cai/miniforge3/envs/lerobot-arena/lib/python3.11/site-packages/isaacsim/kit/data/Kit/Isaac-Sim Python/5.1/bba2ed0b-6e9b-4706-ba1972aa-4e7a248a.dmp'
[0.078s] [ext: omni.kit.async_engine-0.0.3] startup
[0.213s] [ext: omni.metrics.core-0.0.3] startup
[0.213s] [ext: omni.client.lib-1.1.0] startup
[0.228s] [ext: omni.blobkey-1.1.2] startup
[0.228s] [ext: omni.stats-1.0.1] startup
[0.229s] [ext: omni.datastore-0.0.0] startup
[0.235s] [ext: omni.client-1.3.0] startup
[0.240s] [ext: omni.ujitso.default-1.0.0] startup
[0.243s] [ext: omni.hsscclient-1.1.2] startup
[0.249s] [ext: omni.gpu_foundation.shadercache.vulkan-1.0.0] startup
[0.251s] [ext: omni.assets.plugins-0.0.0] startup
[0.252s] [ext: omni.gpu_foundation-0.0.0] startup
[0.262s] [ext: carb.windowing.plugins-1.0.0] startup
[0.274s] [ext: omni.kit.renderer.init-0.0.0] startup

|---------------------------------------------------------------------------------------------|
| Driver Version: 580.178.04    | Graphics API: Vulkan
|=============================================================================================|
| GPU | Name                             | Active | LDA | GPU Memory | Vendor-ID | LUID       |
|     |                                  |        |     |            | Device-ID | UUID       |
|     |                                  |        |     |            | Bus-ID    |            |
|---------------------------------------------------------------------------------------------|
| 0   | NVIDIA GeForce RTX 3090          | Yes: 0 |     | 24822   MB | 10de      | 0          |
|     |                                  |        |     |            | 2204      | 247b5b87.. |
|     |                                  |        |     |            | 1         |            |
|=============================================================================================|
| OS: 22.04.5 LTS (Jammy Jellyfish) ubuntu, Version: 22.04.5, Kernel: 6.8.0-138-generic
| XServer Vendor: The X.Org Foundation, XServer Version: 12101004 (1.21.1.4)
| Processor: Intel(R) Core(TM) i5-8500 CPU @ 3.00GHz
| Cores: 6 | Logical Cores: 6
|---------------------------------------------------------------------------------------------|
| Total Memory (MB): 64218 | Free Memory: 57334
| Total Page/Swap (MB): 2047 | Free Page/Swap: 2047
|---------------------------------------------------------------------------------------------|
2026-09-26T07:44:00Z [1,204ms] [Warning] [gpu.foundation.plugin] CPU performance profile is set to powersave. This profile sets the CPU to the lowest frequency reducing performance.
[1.376s] [ext: omni.materialx.libs-1.0.7] startup
[1.384s] [ext: omni.kit.telemetry-0.5.2] startup
[1.405s] [ext: omni.usd.config-1.0.6] startup
[1.411s] [ext: omni.gpucompute.plugins-0.0.0] startup
[1.412s] [ext: omni.usd.libs-1.0.1] startup
[1.512s] [ext: omni.kit.loop-isaac-1.3.7] startup
[1.513s] [ext: omni.kit.test-2.0.1] startup
[1.572s] [ext: omni.mdl-56.0.3] startup
[1.649s] [ext: omni.iray.libs-0.0.0] startup
[1.655s] [ext: omni.mdl.neuraylib-0.2.12] startup
[1.657s] [ext: omni.kit.usd.mdl-1.1.5] startup
[1.762s] [ext: omni.kit.pipapi-0.0.0] startup
[1.763s] [ext: omni.appwindow-1.1.10] startup
[1.765s] [ext: omni.kit.renderer.core-1.1.0] startup
[2.702s] [ext: omni.kit.renderer.capture-0.0.0] startup
[2.705s] [ext: omni.kit.renderer.imgui-2.0.5] startup
[3.105s] [ext: omni.ui-2.27.1] startup
[3.116s] [ext: omni.kit.mainwindow-1.0.3] startup
[3.117s] [ext: carb.audio-0.1.0] startup
[3.122s] [ext: omni.uiaudio-1.0.0] startup
[3.123s] [ext: omni.kit.uiapp-0.0.0] startup
[3.123s] [ext: omni.usd.schema.metrics.assembler-107.3.1] startup
[3.126s] [ext: omni.usd.schema.physx-107.3.26] startup
[3.161s] [ext: omni.usd.schema.geospatial-0.0.0] startup
[3.164s] [ext: omni.usd.schema.audio-0.0.0] startup
[3.167s] [ext: omni.usd.schema.anim-0.0.0] startup
[3.188s] [ext: omni.usd.schema.flow-107.1.1] startup
[3.189s] [ext: omni.usd_resolver-1.0.0] startup
[3.193s] [ext: omni.usd.core-1.5.3] startup
[3.195s] [ext: omni.usd.schema.omni_sensors-0.0.0] startup
[3.218s] [ext: omni.usd.schema.semantics-0.0.0] startup
[3.220s] [ext: omni.usd.schema.omniscripting-1.0.0] startup
[3.225s] [ext: omni.usd.schema.omni_lens_distortion-0.0.0] startup
[3.225s] [ext: omni.usd.schema.omnigraph-1.0.0] startup
[3.231s] [ext: omni.kit.window.popup_dialog-2.0.24] startup
[3.235s] [ext: omni.graph.exec-0.9.6] startup
[3.236s] [ext: omni.kit.widget.nucleus_connector-2.0.1] startup
[3.238s] [ext: omni.kit.usd_undo-0.1.8] startup
[3.238s] [ext: omni.kit.exec.core-0.13.4] startup
[3.240s] [ext: omni.kit.actions.core-1.0.0] startup
[3.242s] [ext: omni.resourcemonitor-107.0.1] startup
[3.244s] [ext: omni.activity.core-1.0.3] startup
[3.246s] [ext: omni.timeline-1.0.14] startup
[3.248s] [ext: omni.kit.commands-1.4.10] startup
[3.252s] [ext: usdrt.scenegraph-7.6.1] startup
[3.292s] [ext: omni.kit.audiodeviceenum-1.0.2] startup
[3.294s] [ext: omni.hydra.usdrt_delegate-7.5.1] startup
[3.302s] [ext: omni.hydra.scene_delegate-0.3.4] startup
[3.308s] [ext: omni.usd-1.13.10] startup
[3.334s] [ext: omni.inspect-1.0.2] startup
[3.336s] [ext: omni.kit.notification_manager-1.0.10] startup
[3.337s] [ext: omni.graph.core-2.184.5] startup
[3.341s] [ext: isaacsim.core.deprecation_manager-0.2.7] startup
[3.341s] [ext: omni.anim.graph.schema-107.3.3] startup
[3.348s] [ext: omni.usd.schema.isaac-3.0.5] startup
[3.348s] [ext: omni.anim.navigation.schema-107.3.3] startup
[3.351s] [ext: omni.kit.asset_converter-5.0.17] startup
[3.364s] [ext: isaacsim.robot.schema-3.6.0] startup
[3.373s] [ext: omni.usd.schema.render_settings.rtx-0.0.0] startup
[3.374s] [ext: omni.kit.menu.core-1.1.2] startup
[3.374s] [ext: omni.kit.widget.path_field-2.0.11] startup
[3.375s] [ext: omni.kit.widget.context_menu-1.2.5] startup
[3.376s] [ext: omni.kit.widget.browser_bar-2.0.10] startup
[3.377s] [ext: omni.kit.clipboard-1.0.5] startup
[3.378s] [ext: omni.kit.numpy.common-0.1.3] startup
[3.380s] [ext: omni.kit.widget.options_menu-1.1.6] startup
[3.383s] [ext: omni.kit.helper.file_utils-0.1.9] startup
[3.384s] [ext: omni.ui.scene-1.11.5] startup
[3.389s] [ext: omni.kit.widget.options_button-1.0.3] startup
[3.390s] [ext: omni.kit.widget.filebrowser-2.12.3] startup
[3.395s] [ext: omni.kit.usd.layers-2.2.11] startup
[3.405s] [ext: omni.kit.window.filepicker-2.13.4] startup
[3.421s] [ext: omni.kit.hotkeys.core-1.3.10] startup
[3.424s] [ext: omni.kit.context_menu-1.8.6] startup
[3.426s] [ext: omni.kit.property.adapter.core-1.0.2] startup
[3.429s] [ext: omni.kit.window.file_exporter-1.0.33] startup
[3.431s] [ext: omni.kit.widget.searchfield-1.1.8] startup
[3.432s] [ext: omni.kit.widget.filter-1.1.4] startup
[3.433s] [ext: omni.kit.widget.graph-2.0.0] startup
[3.439s] [ext: omni.kit.widget.stage-3.1.4] startup
[3.450s] [ext: omni.kit.property.adapter.usd-1.0.2] startup
[3.452s] [ext: omni.kit.property.adapter.fabric-1.0.3] startup
[3.453s] [ext: omni.kit.graph.delegate.default-1.2.3] startup
[3.453s] [ext: omni.kit.window.file_importer-1.1.18] startup
[3.454s] [ext: omni.kit.stage_template.core-1.1.22] startup
[3.455s] [ext: omni.kit.menu.utils-2.0.5] startup
[3.460s] [ext: omni.kit.window.file-2.0.5] startup
[3.463s] [ext: omni.kit.widget.highlight_label-1.0.3] startup
[3.463s] [ext: omni.kit.window.drop_support-1.0.5] startup
[3.464s] [ext: omni.kit.window.content_browser_registry-0.0.6] startup
[3.464s] [ext: omni.kit.window.property-1.12.1] startup
[3.467s] [ext: omni.kit.window.content_browser-3.1.3] startup
[3.480s] [ext: isaacsim.core.version-2.0.6] startup
[3.481s] [ext: omni.kit.property.usd-4.5.12] startup
[3.492s] [ext: omni.kit.graph.editor.core-1.5.3] startup
[3.494s] [ext: omni.kit.material.library-2.0.7] startup
[3.499s] [ext: omni.kit.graph.usd.commands-1.3.1] startup
[3.500s] [ext: omni.kvdb-107.3.26] startup
[3.502s] [ext: omni.usdphysics-107.3.26] startup
[3.504s] [ext: omni.physx.foundation-107.3.26] startup
[3.506s] [ext: omni.localcache-107.3.26] startup
[3.508s] [ext: omni.convexdecomposition-107.3.26] startup
[3.511s] [ext: omni.physics-107.3.26] startup
[3.514s] [ext: omni.physx.cooking-107.3.26] startup
[3.517s] [ext: omni.physics.stageupdate-107.3.26] startup
[3.520s] [ext: omni.physx-107.3.26] startup
[3.530s] [ext: omni.index.libs-380600.8087.0] startup
[3.530s] [ext: omni.physics.physx-107.3.26] startup
2026-09-26T07:44:02Z [3,518ms] [Warning] [carb] Acquiring non optional plugin interface which is not listed as dependency: [omni::physx::IPhysxBenchmarks v1.0] (plugin: <default plugin>), by client: omni.physics.physx.plugin. Add it to CARB_PLUGIN_IMPL_DEPS() macro of a client.
[3.532s] [ext: omni.index-1.0.1] startup
[3.533s] [ext: omni.volume-0.5.2] startup
[3.536s] [ext: omni.ujitso.client-0.0.0] startup
[3.537s] [ext: omni.hydra.rtx.shadercache.vulkan-1.0.0] startup
[3.538s] [ext: omni.kit.widget.searchable_combobox-1.0.6] startup
[3.539s] [ext: omni.hydra.rtx-1.0.0] startup
2026-09-26T07:44:02Z [3,545ms] [Warning] [omni.log] Source: omni.hydra was already registered.
[3.581s] [ext: omni.kit.widget.settings-1.2.6] startup
[3.583s] [ext: omni.kit.hydra_texture-1.4.6] startup
[3.587s] [ext: omni.graph.tools-1.79.2] startup
[3.614s] [ext: omni.kit.window.preferences-1.8.0] startup
[3.620s] [ext: omni.kit.widget.material_preview-1.0.16] startup
[3.622s] [ext: omni.graph-1.141.2] startup
[3.670s] [ext: omni.kit.window.material_graph-1.9.1] startup
[3.680s] [ext: omni.isaac.dynamic_control-2.0.7] startup
2026-09-26T07:44:03Z [3,672ms] [Warning] [omni.isaac.dynamic_control] omni.isaac.dynamic_control is deprecated as of Isaac Sim 4.5. No action is needed from end-users.
[3.687s] [ext: isaacsim.storage.native-1.5.1] startup
[3.691s] [ext: omni.graph.scriptnode-1.50.0] startup
[3.693s] [ext: omni.hydra.engine.stats-1.0.3] startup
[3.699s] [ext: omni.kit.viewport.legacy_gizmos-1.0.19] startup
[3.702s] [ext: omni.kit.raycast.query-1.1.0] startup
[3.711s] [ext: omni.graph.action_core-1.1.7] startup
[3.714s] [ext: omni.kit.viewport.scene_camera_model-1.0.6] startup
[3.722s] [ext: omni.graph.image.core-0.6.1] startup
[3.723s] [ext: omni.kit.widget.viewport-107.1.3] startup
[3.727s] [ext: omni.kit.viewport.registry-104.0.6] startup
[3.729s] [ext: omni.usd.metrics.assembler-107.3.1] startup
[3.733s] [ext: omni.kit.viewport.window-107.2.0] startup
[3.754s] [ext: omni.kit.viewport.menubar.core-107.2.1] startup
[3.770s] [ext: omni.graph.image.nodes-1.3.1] startup
[3.771s] [ext: omni.usd.metrics.assembler.physics-107.3.26] startup
[3.773s] [ext: omni.warp.core-1.8.2] startup
[4.019s] [ext: omni.kit.viewport.utility-1.1.2] startup
[4.020s] [ext: omni.physics.tensors-107.3.26] startup
[4.027s] [ext: omni.syntheticdata-0.6.13] startup
[4.055s] [ext: isaacsim.test.docstring-1.1.0] startup
[4.063s] [ext: isaacsim.core.utils-3.5.1] startup
[4.067s] [ext: omni.physx.tensors-107.3.26] startup
[4.082s] [ext: omni.graph.nodes-1.170.10] startup
[4.093s] [ext: omni.graph.action_nodes-1.50.4] startup
[4.097s] [ext: omni.kit.primitive.mesh-1.0.17] startup
[4.106s] [ext: isaacsim.core.simulation_manager-1.4.4] startup
[5.850s] [ext: omni.graph.ui_nodes-1.50.5] startup
[5.856s] [ext: omni.graph.action-1.130.0] startup
[5.858s] [ext: omni.kit.stage_templates-2.0.0] startup
[5.863s] [ext: isaacsim.core.prims-0.6.1] startup
[5.898s] [ext: omni.warp-1.8.2] startup
[5.907s] [ext: omni.videoencoding-0.1.2] startup
[5.913s] [ext: isaacsim.core.api-4.8.0] startup
[5.938s] [ext: isaacsim.core.experimental.utils-0.3.0] startup
[5.944s] [ext: omni.replicator.core-1.12.27] startup
2026-09-26T07:44:05Z [5,958ms] [Warning] [pxr.Semantics] pxr.Semantics is deprecated - please use Semantics instead
2026-09-26T07:44:05Z [6,133ms] [Warning] [omni.graph.core.plugin] Found duplicate of category 'Replicator' - was 'Annotators', adding 'Fabric Reader'
2026-09-26T07:44:05Z [6,133ms] [Warning] [omni.graph.core.plugin] Category 'Replicator' not accepted on node type 'omni.replicator.core.FabricReader' in extension 'omni.replicator.core'
2026-09-26T07:44:05Z [6,133ms] [Warning] [omni.replicator.core.scripts.extension] No material configuration file, adding configuration to material settings directly.
[6.151s] [ext: isaacsim.core.experimental.prims-0.8.1] startup
[6.208s] [ext: omni.kit.window.extensions-1.4.27] startup
[6.221s] [ext: isaacsim.core.experimental.objects-0.4.0] startup
[6.229s] [ext: omni.ui_query-1.1.8] startup
[6.234s] [ext: omni.kit.manipulator.viewport-107.0.1] startup
[6.237s] [ext: isaacsim.robot.surface_gripper-3.3.1] startup
[6.242s] [ext: omni.kit.ui_test-1.3.7] startup
[6.253s] [ext: omni.graph.visualization.nodes-2.1.3] startup
[6.287s] [ext: isaacsim.robot_motion.lula-4.0.8] startup
[6.298s] [ext: isaacsim.core.nodes-3.4.3] startup
[6.314s] [ext: isaacsim.gui.components-1.2.1] startup
[6.344s] [ext: isaacsim.robot_motion.motion_generation-8.0.26] startup
[6.391s] [ext: isaacsim.robot.manipulators-3.3.6] startup
[6.438s] [ext: isaacsim.core.experimental.materials-0.4.0] startup
[6.498s] [ext: isaacsim.robot.manipulators.examples-1.1.2] startup
[6.523s] [ext: isaacsim.cortex.framework-1.0.12] startup
[6.564s] [ext: isaacsim.cortex.behaviors-2.0.14] startup
[6.568s] [ext: omni.isaac.cortex.sample_behaviors-2.0.5] startup
2026-09-26T07:44:05Z [6,567ms] [Warning] [omni.isaac.cortex] omni.isaac.cortex has been deprecated in favor of isaacsim.cortex.framework. Please update your code accordingly.
2026-09-26T07:44:05Z [6,567ms] [Warning] [omni.isaac.cortex.sample_behaviors] omni.isaac.cortex.sample_behaviors has been deprecated in favor of isaacsim.cortex.behaviors. Please update your code accordingly.
[6.588s] [ext: omni.kit.widget.zoombar-1.0.6] startup
[6.602s] [ext: isaacsim.gui.content_browser-0.1.11] startup
[6.625s] [ext: omni.kit.browser.core-2.3.13] startup
[6.704s] [ext: omni.kit.widget.stage_icons-1.0.8] startup
[6.770s] [ext: omni.kit.widget.prompt-1.0.7] startup
[6.774s] [ext: omni.kit.usd.collect-2.4.5] startup
[6.783s] [ext: omni.kit.browser.folder.core-1.10.9] startup
[6.929s] [ext: omni.kit.window.stage-2.6.1] startup
[6.993s] [ext: omni.kit.usdz_export-1.0.9] startup
[7.000s] [ext: omni.kit.tool.collect-2.2.18] startup
[7.008s] [ext: omni.kit.menu.stage-1.2.7] startup
[7.011s] [ext: omni.kit.tool.asset_importer-4.3.2] startup
[7.020s] [ext: isaacsim.robot.wheeled_robots-4.0.24] startup
[7.037s] [ext: isaacsim.examples.browser-0.2.1] startup
[7.045s] [ext: isaacsim.asset.importer.urdf-2.4.30] startup
[7.178s] [ext: omni.isaac.wheeled_robots-3.0.7] startup
2026-09-26T07:44:06Z [7,166ms] [Warning] [omni.isaac.wheeled_robots] omni.isaac.wheeled_robots has been deprecated in favor of isaacsim.robot.wheeled_robots. Please update your code accordingly.
2026-09-26T07:44:06Z [7,166ms] [Warning] [omni.isaac.wheeled_robots.controllers] omni.isaac.wheeled_robots has been deprecated in favor of isaacsim.robot.wheeled_robots. Please update your code accordingly.
2026-09-26T07:44:06Z [7,166ms] [Warning] [omni.isaac.wheeled_robots.controllers.ackermann_controller] omni.isaac.wheeled_robots has been deprecated in favor of isaacsim.robot.wheeled_robots. Please update your code accordingly.
2026-09-26T07:44:06Z [7,167ms] [Warning] [omni.isaac.wheeled_robots.controllers.differential_controller] omni.isaac.wheeled_robots has been deprecated in favor of isaacsim.robot.wheeled_robots. Please update your code accordingly.
2026-09-26T07:44:06Z [7,167ms] [Warning] [omni.isaac.wheeled_robots.controllers.holonomic_controller] omni.isaac.wheeled_robots has been deprecated in favor of isaacsim.robot.wheeled_robots. Please update your code accordingly.
2026-09-26T07:44:06Z [7,167ms] [Warning] [omni.isaac.wheeled_robots.controllers.quintic_path_planner] omni.isaac.wheeled_robots has been deprecated in favor of isaacsim.robot.wheeled_robots. Please update your code accordingly.
2026-09-26T07:44:06Z [7,167ms] [Warning] [omni.isaac.wheeled_robots.controllers.stanley_control] omni.isaac.wheeled_robots has been deprecated in favor of isaacsim.robot.wheeled_robots. Please update your code accordingly.
2026-09-26T07:44:06Z [7,167ms] [Warning] [omni.isaac.wheeled_robots.controllers.wheel_base_pose_controller] omni.isaac.wheeled_robots has been deprecated in favor of isaacsim.robot.wheeled_robots. Please update your code accordingly.
2026-09-26T07:44:06Z [7,168ms] [Warning] [omni.isaac.wheeled_robots.impl] omni.isaac.wheeled_robots has been deprecated in favor of isaacsim.robot.wheeled_robots. Please update your code accordingly.
2026-09-26T07:44:06Z [7,168ms] [Warning] [omni.isaac.wheeled_robots.robots] omni.isaac.wheeled_robots has been deprecated in favor of isaacsim.robot.wheeled_robots. Please update your code accordingly.
2026-09-26T07:44:06Z [7,168ms] [Warning] [omni.isaac.wheeled_robots.robots.holonomic_robot_usd_setup] omni.isaac.wheeled_robots has been deprecated in favor of isaacsim.robot.wheeled_robots. Please update your code accordingly.
2026-09-26T07:44:06Z [7,168ms] [Warning] [omni.isaac.wheeled_robots.robots.wheeled_robot] omni.isaac.wheeled_robots has been deprecated in favor of isaacsim.robot.wheeled_robots. Please update your code accordingly.
[7.183s] [ext: isaacsim.simulation_app-2.12.2] startup
[7.186s] [ext: omni.isaac.franka-1.0.7] startup
2026-09-26T07:44:06Z [7,184ms] [Warning] [omni.isaac.franka] omni.isaac.franka has been deprecated in favor of isaacsim.robot.manipulators.examples.franka. Please update your code accordingly.
2026-09-26T07:44:06Z [7,185ms] [Warning] [omni.isaac.franka.franka] omni.isaac.franka has been deprecated in favor of isaacsim.robot.manipulators.examples.franka. Please update your code accordingly.
2026-09-26T07:44:06Z [7,210ms] [Warning] [omni.isaac.franka.kinematics_solver] omni.isaac.franka has been deprecated in favor of isaacsim.robot.manipulators.examples.franka. Please update your code accordingly.
[7.224s] [ext: omni.isaac.kit-2.0.6] startup
2026-09-26T07:44:06Z [7,214ms] [Warning] [omni.isaac.kit] omni.isaac.kit has been deprecated in favor of isaacsim.simulation_app. Please update your code accordingly.
[7.228s] [ext: omni.kit.selection-0.1.6] startup
[7.230s] [ext: omni.isaac.lula-4.0.6] startup
2026-09-26T07:44:06Z [7,217ms] [Warning] [omni.isaac.lula] omni.isaac.lula has been deprecated in favor of isaacsim.robot_motion.lula. Please update your code accordingly.
[7.232s] [ext: isaacsim.robot_motion.lula_test_widget-1.0.12] startup
[7.235s] [ext: isaacsim.asset.browser-1.3.23] startup
[7.297s] [ext: omni.kit.viewport.actions-107.0.2] startup
[7.304s] [ext: isaacsim.gui.menu-2.4.4] startup
[7.312s] [ext: omni.isaac.manipulators-3.0.7] startup
2026-09-26T07:44:06Z [7,300ms] [Warning] [omni.isaac.manipulators] omni.isaac.manipulators has been deprecated in favor of isaacsim.robot.manipulators. Please update your code accordingly.
2026-09-26T07:44:06Z [7,301ms] [Warning] [omni.isaac.manipulators.controllers] omni.isaac.manipulators has been deprecated in favor of isaacsim.robot.manipulators. Please update your code accordingly.
2026-09-26T07:44:06Z [7,301ms] [Warning] [omni.isaac.manipulators.controllers.pick_place_controller] omni.isaac.manipulators has been deprecated in favor of isaacsim.robot.manipulators. Please update your code accordingly.
2026-09-26T07:44:06Z [7,301ms] [Warning] [omni.isaac.manipulators.controllers.stacking_controller] omni.isaac.manipulators has been deprecated in favor of isaacsim.robot.manipulators. Please update your code accordingly.
2026-09-26T07:44:06Z [7,302ms] [Warning] [omni.isaac.manipulators.grippers] omni.isaac.manipulators has been deprecated in favor of isaacsim.robot.manipulators. Please update your code accordingly.
2026-09-26T07:44:06Z [7,302ms] [Warning] [omni.isaac.manipulators.grippers.gripper] omni.isaac.manipulators has been deprecated in favor of isaacsim.robot.manipulators. Please update your code accordingly.
2026-09-26T07:44:06Z [7,302ms] [Warning] [omni.isaac.manipulators.grippers.parallel_gripper] omni.isaac.manipulators has been deprecated in favor of isaacsim.robot.manipulators. Please update your code accordingly.
2026-09-26T07:44:06Z [7,302ms] [Warning] [omni.isaac.manipulators.grippers.surface_gripper] omni.isaac.manipulators has been deprecated in favor of isaacsim.robot.manipulators. Please update your code accordingly.
2026-09-26T07:44:06Z [7,302ms] [Warning] [omni.isaac.manipulators.manipulators] omni.isaac.manipulators has been deprecated in favor of isaacsim.robot.manipulators. Please update your code accordingly.
2026-09-26T07:44:06Z [7,302ms] [Warning] [omni.isaac.manipulators.manipulators.single_manipulator] omni.isaac.manipulators has been deprecated in favor of isaacsim.robot.manipulators. Please update your code accordingly.
[7.317s] [ext: omni.isaac.lula_test_widget-1.0.6] startup
2026-09-26T07:44:06Z [7,307ms] [Warning] [omni.isaac.lula_test_widget] omni.isaac.lula_test_widget has been deprecated in favor of isaacsim.robot_motion.lula_test_widget. Please update your code accordingly.
[7.321s] [ext: omni.isaac.asset_browser-1.0.6] startup
2026-09-26T07:44:06Z [7,313ms] [Warning] [omni.isaac.asset_browser] omni.isaac.asset_browser has been deprecated in favor of isaacsim.asset.browser. Please update your code accordingly.
[7.327s] [ext: omni.kit.viewport.menubar.display-107.0.3] startup
[7.332s] [ext: omni.isaac.menu-1.0.6] startup
2026-09-26T07:44:06Z [7,320ms] [Warning] [omni.isaac.menu] omni.isaac.menu has been deprecated in favor of isaacsim.gui.menu. Please update your code accordingly.
[7.334s] [ext: omni.isaac.motion_generation-8.0.7] startup
2026-09-26T07:44:06Z [7,323ms] [Warning] [omni.isaac.motion_generation] omni.isaac.motion_generation has been deprecated in favor of isaacsim.robot_motion.motion_generation. Please update your code accordingly.
2026-09-26T07:44:06Z [7,323ms] [Warning] [omni.isaac.motion_generation.articulation_kinematics_solver] omni.isaac.motion_generation has been deprecated in favor of isaacsim.robot_motion.motion_generation. Please update your code accordingly.
2026-09-26T07:44:06Z [7,324ms] [Warning] [omni.isaac.motion_generation.articulation_motion_policy] omni.isaac.motion_generation has been deprecated in favor of isaacsim.robot_motion.motion_generation. Please update your code accordingly.
2026-09-26T07:44:06Z [7,324ms] [Warning] [omni.isaac.motion_generation.articulation_trajectory] omni.isaac.motion_generation has been deprecated in favor of isaacsim.robot_motion.motion_generation. Please update your code accordingly.
2026-09-26T07:44:06Z [7,329ms] [Warning] [omni.isaac.motion_generation.kinematics_interface] omni.isaac.motion_generation has been deprecated in favor of isaacsim.robot_motion.motion_generation. Please update your code accordingly.
2026-09-26T07:44:06Z [7,330ms] [Warning] [omni.isaac.motion_generation.lula] omni.isaac.motion_generation has been deprecated in favor of isaacsim.robot_motion.motion_generation. Please update your code accordingly.
2026-09-26T07:44:06Z [7,330ms] [Warning] [omni.isaac.motion_generation.lula.kinematics] omni.isaac.motion_generation has been deprecated in favor of isaacsim.robot_motion.motion_generation. Please update your code accordingly.
2026-09-26T07:44:06Z [7,330ms] [Warning] [omni.isaac.motion_generation.lula.motion_policies] omni.isaac.motion_generation has been deprecated in favor of isaacsim.robot_motion.motion_generation. Please update your code accordingly.
2026-09-26T07:44:06Z [7,330ms] [Warning] [omni.isaac.motion_generation.lula.path_planners] omni.isaac.motion_generation has been deprecated in favor of isaacsim.robot_motion.motion_generation. Please update your code accordingly.
2026-09-26T07:44:06Z [7,330ms] [Warning] [omni.isaac.motion_generation.lula.trajectory_generator] omni.isaac.motion_generation has been deprecated in favor of isaacsim.robot_motion.motion_generation. Please update your code accordingly.
2026-09-26T07:44:06Z [7,330ms] [Warning] [omni.isaac.motion_generation.motion_policy_controller] omni.isaac.motion_generation has been deprecated in favor of isaacsim.robot_motion.motion_generation. Please update your code accordingly.
2026-09-26T07:44:06Z [7,330ms] [Warning] [omni.isaac.motion_generation.motion_policy_interface] omni.isaac.motion_generation has been deprecated in favor of isaacsim.robot_motion.motion_generation. Please update your code accordingly.
2026-09-26T07:44:06Z [7,330ms] [Warning] [omni.isaac.motion_generation.path_planner_visualizer] omni.isaac.motion_generation has been deprecated in favor of isaacsim.robot_motion.motion_generation. Please update your code accordingly.
2026-09-26T07:44:06Z [7,331ms] [Warning] [omni.isaac.motion_generation.path_planning_interface] omni.isaac.motion_generation has been deprecated in favor of isaacsim.robot_motion.motion_generation. Please update your code accordingly.
2026-09-26T07:44:06Z [7,331ms] [Warning] [omni.isaac.motion_generation.trajectory] omni.isaac.motion_generation has been deprecated in favor of isaacsim.robot_motion.motion_generation. Please update your code accordingly.
2026-09-26T07:44:06Z [7,331ms] [Warning] [omni.isaac.motion_generation.world_interface] omni.isaac.motion_generation has been deprecated in favor of isaacsim.robot_motion.motion_generation. Please update your code accordingly.
[7.345s] [ext: omni.isaac.assets_check-0.3.13] startup
2026-09-26T07:44:06Z [7,334ms] [Warning] [omni.isaac.assets_check] omni.isaac.assets_check has been deprecated in favor of isaacsim.asset.browser. Please update your code accordingly.
[7.348s] [ext: isaacsim.gui.sensors.icon-2.0.3] startup
[7.366s] [ext: isaacsim.asset.importer.mjcf-2.5.13] startup
[7.374s] [ext: omni.sensors.nv.common-3.0.0] startup
[7.386s] [ext: isaacsim.sensors.physics-0.4.3] startup
[7.393s] [ext: omni.sensors.net-1.0.0] startup
[7.398s] [ext: omni.isaac.nucleus-1.0.6] startup
2026-09-26T07:44:06Z [7,384ms] [Warning] [omni.isaac.nucleus] omni.isaac.nucleus has been deprecated in favor of isaacsim.storage.native. Please update your code accordingly.
2026-09-26T07:44:06Z [7,385ms] [Warning] [omni.isaac.nucleus.nucleus] omni.isaac.nucleus.nucleus has been deprecated in favor of isaacsim.storage.native. Please update your code accordingly.
[7.399s] [ext: omni.sensors.nv.materials-2.0.0] startup
[7.408s] [ext: isaacsim.robot.policy.examples-4.1.11] startup
[7.414s] [ext: omni.sensors.nv.wpm-3.0.0] startup
[7.420s] [ext: omni.sensors.nv.lidar-3.0.0] startup
[7.428s] [ext: isaacsim.util.debug_draw-3.1.0] startup
[7.432s] [ext: omni.sensors.nv.radar-3.0.0] startup
[7.438s] [ext: omni.sensors.nv.ids-2.0.0] startup
[7.441s] [ext: isaacsim.core.cloner-1.4.10] startup
[7.444s] [ext: isaacsim.sensors.physx-2.3.2] startup
[7.450s] [ext: isaacsim.sensors.rtx-15.8.4] startup
[7.459s] [ext: isaacsim.sensors.camera-1.3.6] startup
[7.469s] [ext: omni.isaac.quadruped-3.0.7] startup
2026-09-26T07:44:06Z [7,458ms] [Warning] [omni.isaac.quadruped] omni.isaac.quadruped has been deprecated in favor of isaacsim.robot.policy.examples. Please update your code accordingly.
[7.475s] [ext: omni.isaac.cloner-1.0.7] startup
2026-09-26T07:44:06Z [7,465ms] [Warning] [omni.isaac.cloner] omni.isaac.cloner has been deprecated in favor of isaacsim.core.cloner. Please update your code accordingly.
[7.482s] [ext: omni.isaac.range_sensor-4.0.6] startup
2026-09-26T07:44:06Z [7,473ms] [Warning] [omni.isaac.range_sensor] omni.isaac.range_sensor has been deprecated in favor of isaacsim.sensors.physx. Please update your code accordingly.
2026-09-26T07:44:06Z [7,479ms] [Warning] [omni.isaac.range_sensor.commands] omni.isaac.range_sensor.commands has been deprecated in favor of isaacsim.sensors.physx.commands. Please update your code accordingly.
[7.494s] [ext: omni.isaac.sensor-13.0.7] startup
2026-09-26T07:44:06Z [7,482ms] [Warning] [omni.isaac.sensor] omni.isaac.sensor has been deprecated in favor of isaacsim.sensors.camera, isaacsim.sensors.physics, isaacsim.sensors.physx, and isaacsim.sensors.rtx. Please update your code accordingly.
2026-09-26T07:44:06Z [7,482ms] [Warning] [omni.isaac.sensor.camera] omni.isaac.sensor.camera has been deprecated in favor of isaacsim.sensors.camera.camera. Please update your code accordingly.
2026-09-26T07:44:06Z [7,483ms] [Warning] [omni.isaac.sensor.camera_view] omni.isaac.sensor.camera_view has been deprecated in favor of isaacsim.sensors.camera.camera_view. Please update your code accordingly.
2026-09-26T07:44:06Z [7,483ms] [Warning] [omni.isaac.sensor.commands] omni.isaac.sensor.commands has been deprecated in favor of isaacsim.sensors.physics.commands, isaacsim.sensors.physx.commands, and isaacsim.sensors.rtx.commands. Please update your code accordingly.
2026-09-26T07:44:06Z [7,488ms] [Warning] [omni.isaac.sensor.contact_sensor] omni.isaac.sensor.contact_sensor has been deprecated in favor of isaacsim.sensors.physics.contact_sensor. Please update your code accordingly.
2026-09-26T07:44:06Z [7,488ms] [Warning] [omni.isaac.sensor.imu_sensor] omni.isaac.sensor.imu_sensor has been deprecated in favor of isaacsim.sensors.physics.imu_sensor. Please update your code accordingly.
2026-09-26T07:44:06Z [7,489ms] [Warning] [omni.isaac.sensor.lidar_rtx] omni.isaac.sensor.lidar_rtx has been deprecated in favor of isaacsim.sensors.rtx.lidar_rtx. Please update your code accordingly.
2026-09-26T07:44:06Z [7,489ms] [Warning] [omni.isaac.sensor.rotating_lidar_physX] omni.isaac.sensor.imu_sensor has been deprecated in favor of isaacsim.sensors.physix.rotating_lidar_physX. Please update your code accordingly.
2026-09-26T07:44:06Z [7,490ms] [Warning] [omni.isaac.sensor.scripts.samples.contact_sensor] omni.isaac.sensor.scripts.samples.contact_sensor has been deprecated in favor of isaacsim.sensors.physics.scripts.samples.contact_sensor. Please update your code accordingly.
2026-09-26T07:44:06Z [7,490ms] [Warning] [omni.isaac.sensor.scripts.samples.imu_sensor] omni.isaac.sensor.scripts.samples.imu_sensor has been deprecated in favor of isaacsim.sensors.physics.scripts.samples.imu_sensor. Please update your code accordingly.
2026-09-26T07:44:06Z [7,490ms] [Warning] [omni.isaac.sensor.scripts.samples.lightbeam_sensor] omni.isaac.sensor.scripts.samples.lightbeam_sensor has been deprecated in favor of isaacsim.sensors.physx.scripts.samples.lightbeam_sensor. Please update your code accordingly.
[7.504s] [ext: omni.kit.menu.create-2.0.1] startup
[7.510s] [ext: omni.kit.widget.toolbar-2.0.1] startup
[7.531s] [ext: omni.kit.manipulator.transform-107.0.0] startup
[7.537s] [ext: omni.isaac.core-4.0.7] startup
2026-09-26T07:44:06Z [7,524ms] [Warning] [omni.isaac.core.physics_context.physics_context] omni.isaac.core.physics_context.physics_context has been deprecated in favor of isaacsim.core.api.physics_context.physics_context. Please update your code accordingly.
2026-09-26T07:44:06Z [7,525ms] [Warning] [omni.isaac.core.simulation_context.simulation_context] omni.isaac.core.simulation_context.simulation_context has been deprecated in favor of isaacsim.core.api.simulation_context.simulation_context. Please update your code accordingly.
2026-09-26T07:44:06Z [7,525ms] [Warning] [omni.isaac.core.world.world] omni.isaac.core.world.world has been deprecated in favor of isaacsim.core.api.world.world. Please update your code accordingly.
2026-09-26T07:44:06Z [7,525ms] [Warning] [omni.isaac.core] omni.isaac.core has been deprecated in favor of isaacsim.core.api. Please update your code accordingly.
[7.539s] [ext: omni.kit.scripting-107.3.2] startup
[7.547s] [ext: omni.kit.manipulator.tool.snap-1.5.13] startup
[7.554s] [ext: omni.kit.manipulator.selector-1.1.3] startup
[7.557s] [ext: isaacsim.app.about-2.0.11] startup
[7.564s] [ext: isaacsim.replicator.behavior-1.1.16] startup
[7.565s] [ext: omni.kit.viewport.manipulator.transform-107.0.4] startup
[7.569s] [ext: omni.isaac.window.about-2.0.7] startup
2026-09-26T07:44:06Z [7,558ms] [Warning] [omni.isaac.window.about] omni.isaac.window.about has been deprecated in favor of isaacsim.app.about. Please update your code accordingly.
2026-09-26T07:44:06Z [7,558ms] [Warning] [omni.isaac.window.about.about] omni.isaac.window.about.about has been deprecated in favor of isaacsim.app.about.about. Please update your code accordingly.
[7.572s] [ext: omni.fabric.commands-1.1.6] startup
[7.576s] [ext: omni.kit.manipulator.prim.core-107.0.8] startup
[7.584s] [ext: omni.kit.property.audio-1.0.16] startup
[7.587s] [ext: omni.kit.property.camera-1.0.10] startup
[7.590s] [ext: omni.kit.property.geometry-2.0.4] startup
[7.594s] [ext: omni.hydra.scene_api-0.1.2] startup
[7.600s] [ext: omni.kit.property.light-1.0.12] startup
[7.614s] [ext: omni.kit.manipulator.prim.fabric-107.0.4] startup
[7.617s] [ext: omni.kit.manipulator.prim.usd-107.0.3] startup
[7.620s] [ext: omni.kit.property.material-1.11.9] startup
[7.628s] [ext: omni.kit.property.render-1.2.1] startup
[7.630s] [ext: omni.kit.property.transform-1.5.13] startup
[7.635s] [ext: isaacsim.gui.property-1.1.3] startup
[7.638s] [ext: omni.kit.manipulator.camera-106.0.4] startup
[7.645s] [ext: omni.kit.manipulator.prim-107.0.0] startup
[7.645s] [ext: omni.isaac.surface_gripper-2.0.6] startup
2026-09-26T07:44:06Z [7,631ms] [Warning] [omni.isaac.surface_gripper] omni.isaac.surface_gripper has been deprecated in favor of isaacsim.robot.surface_gripper. Please update your code accordingly.
[7.646s] [ext: omni.kit.manipulator.selection-106.0.1] startup
[7.650s] [ext: omni.kit.property.bundle-1.4.1] startup
[7.653s] [ext: omni.kit.property.isaac-1.0.6] startup
2026-09-26T07:44:06Z [7,641ms] [Warning] [omni.kit.property.isaac] omni.kit.property.isaac has been deprecated in favor of isaacsim.gui.property. Please update your code accordingly.
2026-09-26T07:44:06Z [7,641ms] [Warning] [omni.kit.property.isaac.widgets] omni.kit.property.isaac.widgets has been deprecated in favor of isaacsim.gui.property.widgets. Please update your code accordingly.
[7.655s] [ext: omni.isaac.universal_robots-1.0.6] startup
2026-09-26T07:44:06Z [7,643ms] [Warning] [omni.isaac.universal_robots] omni.isaac.universal_robots has been deprecated in favor of isaacsim.robot.manipulators.examples.universal_robots. Please update your code accordingly.
2026-09-26T07:44:06Z [7,643ms] [Warning] [omni.isaac.universal_robots.kinematics_solver] omni.isaac.franka has been deprecated in favor of isaacsim.robot.manipulators.examples.universal_robots. Please update your code accordingly.
2026-09-26T07:44:06Z [7,644ms] [Warning] [omni.isaac.universal_robots.ur10] omni.isaac.franka has been deprecated in favor of isaacsim.robot.manipulators.examples.universal_robots. Please update your code accordingly.
[7.658s] [ext: omni.isaac.core_nodes-2.0.6] startup
2026-09-26T07:44:06Z [7,648ms] [Warning] [omni.isaac.core_nodes] omni.isaac.core_nodes has been deprecated in favor of isaacsim.core.nodes. Please update your code accordingly.
[7.662s] [ext: omni.kit.viewport.menubar.camera-107.0.6] startup
[7.672s] [ext: omni.kit.viewport.menubar.lighting-107.3.1] startup
[7.679s] [ext: isaacsim.replicator.writers-1.0.17] startup
[7.697s] [ext: omni.kit.viewport.menubar.render-107.0.10] startup
[7.704s] [ext: omni.kit.viewport.menubar.settings-107.0.3] startup
[7.710s] [ext: omni.kit.window.console-1.1.4] startup
[7.719s] [ext: isaacsim.replicator.domain_randomization-1.0.16] startup
[7.725s] [ext: isaacsim.replicator.examples-1.3.6] startup
[7.729s] [ext: omni.ocio-0.1.1] startup
[7.733s] [ext: omni.rtx.window.settings-0.6.19] startup
[7.743s] [ext: omni.kit.window.status_bar-0.1.9] startup
[7.749s] [ext: omni.kit.window.toolbar-2.0.0] startup
[7.764s] [ext: omni.replicator.isaac-2.0.8] startup
2026-09-26T07:44:07Z [7,751ms] [Warning] [omni.replicator.isaac] omni.replicator.isaac has been deprecated in favor of isaacsim.replicator.domain_randomization, isaacsim.replicator.examples, isaacsim.replicator.writers. Please update your code accordingly.
[7.766s] [ext: omni.replicator.replicator_yaml-2.0.11] startup
[7.796s] [ext: omni.rtx.settings.core-0.6.5] startup
[7.802s] [ext: omni.usd.metrics.assembler.ui-107.3.1] startup
[7.818s] [ext: omni.isaac.utils-2.0.6] startup
[7.821s] [ext: semantics.schema.editor-2.0.2] startup
[7.828s] [ext: omni.kit.ui.actions-1.0.5] startup
[7.830s] [ext: semantics.schema.property-2.0.1] startup
[7.832s] [ext: omni.isaac.version-2.0.7] startup
2026-09-26T07:44:07Z [7,820ms] [Warning] [omni.isaac.version] omni.isaac.version has been deprecated in favor of isaacsim.core.version. Please update your code accordingly.
[7.834s] [ext: omni.isaac.cortex-1.0.5] startup
[7.836s] [ext: omni.anim.curve.core-1.3.1] startup
[7.848s] [ext: isaacsim.core.throttling-2.2.2] startup
[7.851s] [ext: omni.kit.menu.common-2.0.1] startup
[7.855s] [ext: isaacsim.exp.base-5.1.0] startup
[7.856s] [ext: isaacsim.exp.base.python-5.1.0] startup
[7.858s] Simulation App Starting
2026-09-26T07:44:07Z [7,956ms] [Warning] [omni.fabric.plugin] Warning: attribute viewportHandle not found for bucket id 9

[8.018s] app ready
Starting kit application with the following args:  ['/home/cai/miniforge3/envs/lerobot-arena/lib/python3.11/site-packages/isaacsim/exts/isaacsim.simulation_app/isaacsim/simulation_app/simulation_app.py', '/home/cai/miniforge3/envs/lerobot-arena/lib/python3.11/site-packages/isaacsim/apps/isaacsim.exp.base.python.kit', '--/app/tokens/exe-path=/home/cai/miniforge3/envs/lerobot-arena/lib/python3.11/site-packages/isaacsim/kit', '--/persistent/app/viewport/displayOptions=3094', '--/rtx/materialDb/syncLoads=True', '--/rtx/hydra/materialSyncLoads=True', '--/omni.kit.plugin/syncUsdLoads=True', '--/app/renderer/resolution/width=1280', '--/app/renderer/resolution/height=720', '--/app/window/width=1440', '--/app/window/height=900', '--/renderer/multiGpu/enabled=True', '--/app/fastShutdown=True', '--/app/installSignalHandlers=0', '--ext-folder', '/home/cai/miniforge3/envs/lerobot-arena/lib/python3.11/site-packages/isaacsim/exts', '--ext-folder', '/home/cai/miniforge3/envs/lerobot-arena/lib/python3.11/site-packages/isaacsim/apps', '--/physics/cudaDevice=0', '--/plugins/carb.tasking.plugin/threadCount=6', '--/plugins/omni.tbb.globalcontrol/maxThreadCount=6', '--portable', '--no-window', '--/app/window/hideUi=1']
Passing the following args to the base kit application:  ['--task', 'T1', '--headless', '--steps', '5']
Warp 1.8.2 initialized:
   CUDA Toolkit 12.8, Driver 13.0
   Devices:
     "cpu"      : "x86_64"
     "cuda:0"   : "NVIDIA GeForce RTX 3090" (24 GiB, sm_86, mempool enabled)
   Kernel cache:
     /home/cai/.cache/warp/1.8.2
Warp DeprecationWarning: The `warp.sim` module is deprecated and will be removed in v1.10. Please transition to using the forthcoming Newton library instead.
DEFAULT_VIEW /World/FrontPreviewCamera
put the black bowl on the plate.
success_original active; ready-pose hold, no autonomous policy.
T1 step=0 success_original=False
[11.252s] Simulation App Startup Complete
2026-09-26T07:44:10Z [11,447ms] [Warning] [omni.fabric.plugin] getAttributeCount called on non-existent path /World/Robot/right_gripper/ee_finger_r2/visuals/EE_FINGER/Scene
2026-09-26T07:44:10Z [11,447ms] [Warning] [omni.fabric.plugin] getTypes called on non-existent path /World/Robot/right_gripper/ee_finger_r2/visuals/EE_FINGER/Scene
2026-09-26T07:44:12Z [12,832ms] [Warning] [omni.hydra] Mesh '/World/Robot/left_gripper/ee_left/CameraMount/D405/LocalFrame/CAD/wrist_assembly/tn__D4051_gA/tn__D405_Solid1_tL/tn__2_YfX2cu2ah7/Mesh' update topology/point without updating normal, fallback to smooth normal.
[13.375s] Simulation App Shutting Down
